Archive member included to satisfy reference by file (symbol)

c:/users/moaz/desktop/ece 312 lab/avr8-gnu-toolchain-3.7.0.1796-win32.any.x86_64 (1)/avr8-gnu-toolchain-win32_x86_64/bin/../lib/gcc/avr/7.3.0/avr5\libgcc.a(_exit.o)
                              C:/Program Files/Microchip/MPLABX/v6.00/packs/Microchip/ATmega_DFP/2.4.131/gcc/dev/atmega328p/avr5/crtatmega328p.o (exit)
c:/users/moaz/desktop/ece 312 lab/avr8-gnu-toolchain-3.7.0.1796-win32.any.x86_64 (1)/avr8-gnu-toolchain-win32_x86_64/bin/../lib/gcc/avr/7.3.0/avr5\libgcc.a(_copy_data.o)
                              build/default/debug/pwmMain.o (__do_copy_data)
c:/users/moaz/desktop/ece 312 lab/avr8-gnu-toolchain-3.7.0.1796-win32.any.x86_64 (1)/avr8-gnu-toolchain-win32_x86_64/bin/../lib/gcc/avr/7.3.0/avr5\libgcc.a(_clear_bss.o)
                              build/default/debug/lcd.o (__do_clear_bss)
c:/users/moaz/desktop/ece 312 lab/avr8-gnu-toolchain-3.7.0.1796-win32.any.x86_64 (1)/avr8-gnu-toolchain-win32_x86_64/bin/../lib/gcc/avr/7.3.0/../../../../avr/lib/avr5\libc.a(iob.o)
                              build/default/debug/pwmMain.o (__iob)

Allocating common symbols
Common symbol       size              file

__iob               0x6               c:/users/moaz/desktop/ece 312 lab/avr8-gnu-toolchain-3.7.0.1796-win32.any.x86_64 (1)/avr8-gnu-toolchain-win32_x86_64/bin/../lib/gcc/avr/7.3.0/../../../../avr/lib/avr5\libc.a(iob.o)

Discarded input sections

 .data          0x0000000000000000        0x0 C:/Program Files/Microchip/MPLABX/v6.00/packs/Microchip/ATmega_DFP/2.4.131/gcc/dev/atmega328p/avr5/crtatmega328p.o
 .bss           0x0000000000000000        0x0 C:/Program Files/Microchip/MPLABX/v6.00/packs/Microchip/ATmega_DFP/2.4.131/gcc/dev/atmega328p/avr5/crtatmega328p.o
 .text          0x0000000000000000        0x0 build/default/debug/pwmMain.o
 .data          0x0000000000000000        0x0 build/default/debug/pwmMain.o
 .bss           0x0000000000000000        0x0 build/default/debug/pwmMain.o
 .text          0x0000000000000000        0x0 build/default/debug/hd44780.o
 .data          0x0000000000000000        0x0 build/default/debug/hd44780.o
 .bss           0x0000000000000000        0x0 build/default/debug/hd44780.o
 .text.hd44780_powerdown
                0x0000000000000000        0xe build/default/debug/hd44780.o
 .text          0x0000000000000000        0x0 build/default/debug/lcd.o
 .data          0x0000000000000000        0x0 build/default/debug/lcd.o
 .bss           0x0000000000000000        0x0 build/default/debug/lcd.o
 .text          0x0000000000000000        0x0 c:/users/moaz/desktop/ece 312 lab/avr8-gnu-toolchain-3.7.0.1796-win32.any.x86_64 (1)/avr8-gnu-toolchain-win32_x86_64/bin/../lib/gcc/avr/7.3.0/avr5\libgcc.a(_exit.o)
 .data          0x0000000000000000        0x0 c:/users/moaz/desktop/ece 312 lab/avr8-gnu-toolchain-3.7.0.1796-win32.any.x86_64 (1)/avr8-gnu-toolchain-win32_x86_64/bin/../lib/gcc/avr/7.3.0/avr5\libgcc.a(_exit.o)
 .bss           0x0000000000000000        0x0 c:/users/moaz/desktop/ece 312 lab/avr8-gnu-toolchain-3.7.0.1796-win32.any.x86_64 (1)/avr8-gnu-toolchain-win32_x86_64/bin/../lib/gcc/avr/7.3.0/avr5\libgcc.a(_exit.o)
 .text.libgcc.mul
                0x0000000000000000        0x0 c:/users/moaz/desktop/ece 312 lab/avr8-gnu-toolchain-3.7.0.1796-win32.any.x86_64 (1)/avr8-gnu-toolchain-win32_x86_64/bin/../lib/gcc/avr/7.3.0/avr5\libgcc.a(_exit.o)
 .text.libgcc.div
                0x0000000000000000        0x0 c:/users/moaz/desktop/ece 312 lab/avr8-gnu-toolchain-3.7.0.1796-win32.any.x86_64 (1)/avr8-gnu-toolchain-win32_x86_64/bin/../lib/gcc/avr/7.3.0/avr5\libgcc.a(_exit.o)
 .text.libgcc   0x0000000000000000        0x0 c:/users/moaz/desktop/ece 312 lab/avr8-gnu-toolchain-3.7.0.1796-win32.any.x86_64 (1)/avr8-gnu-toolchain-win32_x86_64/bin/../lib/gcc/avr/7.3.0/avr5\libgcc.a(_exit.o)
 .text.libgcc.prologue
                0x0000000000000000        0x0 c:/users/moaz/desktop/ece 312 lab/avr8-gnu-toolchain-3.7.0.1796-win32.any.x86_64 (1)/avr8-gnu-toolchain-win32_x86_64/bin/../lib/gcc/avr/7.3.0/avr5\libgcc.a(_exit.o)
 .text.libgcc.builtins
                0x0000000000000000        0x0 c:/users/moaz/desktop/ece 312 lab/avr8-gnu-toolchain-3.7.0.1796-win32.any.x86_64 (1)/avr8-gnu-toolchain-win32_x86_64/bin/../lib/gcc/avr/7.3.0/avr5\libgcc.a(_exit.o)
 .text.libgcc.fmul
                0x0000000000000000        0x0 c:/users/moaz/desktop/ece 312 lab/avr8-gnu-toolchain-3.7.0.1796-win32.any.x86_64 (1)/avr8-gnu-toolchain-win32_x86_64/bin/../lib/gcc/avr/7.3.0/avr5\libgcc.a(_exit.o)
 .text.libgcc.fixed
                0x0000000000000000        0x0 c:/users/moaz/desktop/ece 312 lab/avr8-gnu-toolchain-3.7.0.1796-win32.any.x86_64 (1)/avr8-gnu-toolchain-win32_x86_64/bin/../lib/gcc/avr/7.3.0/avr5\libgcc.a(_exit.o)
 .text          0x0000000000000000        0x0 c:/users/moaz/desktop/ece 312 lab/avr8-gnu-toolchain-3.7.0.1796-win32.any.x86_64 (1)/avr8-gnu-toolchain-win32_x86_64/bin/../lib/gcc/avr/7.3.0/avr5\libgcc.a(_copy_data.o)
 .data          0x0000000000000000        0x0 c:/users/moaz/desktop/ece 312 lab/avr8-gnu-toolchain-3.7.0.1796-win32.any.x86_64 (1)/avr8-gnu-toolchain-win32_x86_64/bin/../lib/gcc/avr/7.3.0/avr5\libgcc.a(_copy_data.o)
 .bss           0x0000000000000000        0x0 c:/users/moaz/desktop/ece 312 lab/avr8-gnu-toolchain-3.7.0.1796-win32.any.x86_64 (1)/avr8-gnu-toolchain-win32_x86_64/bin/../lib/gcc/avr/7.3.0/avr5\libgcc.a(_copy_data.o)
 .text.libgcc.mul
                0x0000000000000000        0x0 c:/users/moaz/desktop/ece 312 lab/avr8-gnu-toolchain-3.7.0.1796-win32.any.x86_64 (1)/avr8-gnu-toolchain-win32_x86_64/bin/../lib/gcc/avr/7.3.0/avr5\libgcc.a(_copy_data.o)
 .text.libgcc.div
                0x0000000000000000        0x0 c:/users/moaz/desktop/ece 312 lab/avr8-gnu-toolchain-3.7.0.1796-win32.any.x86_64 (1)/avr8-gnu-toolchain-win32_x86_64/bin/../lib/gcc/avr/7.3.0/avr5\libgcc.a(_copy_data.o)
 .text.libgcc   0x0000000000000000        0x0 c:/users/moaz/desktop/ece 312 lab/avr8-gnu-toolchain-3.7.0.1796-win32.any.x86_64 (1)/avr8-gnu-toolchain-win32_x86_64/bin/../lib/gcc/avr/7.3.0/avr5\libgcc.a(_copy_data.o)
 .text.libgcc.prologue
                0x0000000000000000        0x0 c:/users/moaz/desktop/ece 312 lab/avr8-gnu-toolchain-3.7.0.1796-win32.any.x86_64 (1)/avr8-gnu-toolchain-win32_x86_64/bin/../lib/gcc/avr/7.3.0/avr5\libgcc.a(_copy_data.o)
 .text.libgcc.builtins
                0x0000000000000000        0x0 c:/users/moaz/desktop/ece 312 lab/avr8-gnu-toolchain-3.7.0.1796-win32.any.x86_64 (1)/avr8-gnu-toolchain-win32_x86_64/bin/../lib/gcc/avr/7.3.0/avr5\libgcc.a(_copy_data.o)
 .text.libgcc.fmul
                0x0000000000000000        0x0 c:/users/moaz/desktop/ece 312 lab/avr8-gnu-toolchain-3.7.0.1796-win32.any.x86_64 (1)/avr8-gnu-toolchain-win32_x86_64/bin/../lib/gcc/avr/7.3.0/avr5\libgcc.a(_copy_data.o)
 .text.libgcc.fixed
                0x0000000000000000        0x0 c:/users/moaz/desktop/ece 312 lab/avr8-gnu-toolchain-3.7.0.1796-win32.any.x86_64 (1)/avr8-gnu-toolchain-win32_x86_64/bin/../lib/gcc/avr/7.3.0/avr5\libgcc.a(_copy_data.o)
 .text          0x0000000000000000        0x0 c:/users/moaz/desktop/ece 312 lab/avr8-gnu-toolchain-3.7.0.1796-win32.any.x86_64 (1)/avr8-gnu-toolchain-win32_x86_64/bin/../lib/gcc/avr/7.3.0/avr5\libgcc.a(_clear_bss.o)
 .data          0x0000000000000000        0x0 c:/users/moaz/desktop/ece 312 lab/avr8-gnu-toolchain-3.7.0.1796-win32.any.x86_64 (1)/avr8-gnu-toolchain-win32_x86_64/bin/../lib/gcc/avr/7.3.0/avr5\libgcc.a(_clear_bss.o)
 .bss           0x0000000000000000        0x0 c:/users/moaz/desktop/ece 312 lab/avr8-gnu-toolchain-3.7.0.1796-win32.any.x86_64 (1)/avr8-gnu-toolchain-win32_x86_64/bin/../lib/gcc/avr/7.3.0/avr5\libgcc.a(_clear_bss.o)
 .text.libgcc.mul
                0x0000000000000000        0x0 c:/users/moaz/desktop/ece 312 lab/avr8-gnu-toolchain-3.7.0.1796-win32.any.x86_64 (1)/avr8-gnu-toolchain-win32_x86_64/bin/../lib/gcc/avr/7.3.0/avr5\libgcc.a(_clear_bss.o)
 .text.libgcc.div
                0x0000000000000000        0x0 c:/users/moaz/desktop/ece 312 lab/avr8-gnu-toolchain-3.7.0.1796-win32.any.x86_64 (1)/avr8-gnu-toolchain-win32_x86_64/bin/../lib/gcc/avr/7.3.0/avr5\libgcc.a(_clear_bss.o)
 .text.libgcc   0x0000000000000000        0x0 c:/users/moaz/desktop/ece 312 lab/avr8-gnu-toolchain-3.7.0.1796-win32.any.x86_64 (1)/avr8-gnu-toolchain-win32_x86_64/bin/../lib/gcc/avr/7.3.0/avr5\libgcc.a(_clear_bss.o)
 .text.libgcc.prologue
                0x0000000000000000        0x0 c:/users/moaz/desktop/ece 312 lab/avr8-gnu-toolchain-3.7.0.1796-win32.any.x86_64 (1)/avr8-gnu-toolchain-win32_x86_64/bin/../lib/gcc/avr/7.3.0/avr5\libgcc.a(_clear_bss.o)
 .text.libgcc.builtins
                0x0000000000000000        0x0 c:/users/moaz/desktop/ece 312 lab/avr8-gnu-toolchain-3.7.0.1796-win32.any.x86_64 (1)/avr8-gnu-toolchain-win32_x86_64/bin/../lib/gcc/avr/7.3.0/avr5\libgcc.a(_clear_bss.o)
 .text.libgcc.fmul
                0x0000000000000000        0x0 c:/users/moaz/desktop/ece 312 lab/avr8-gnu-toolchain-3.7.0.1796-win32.any.x86_64 (1)/avr8-gnu-toolchain-win32_x86_64/bin/../lib/gcc/avr/7.3.0/avr5\libgcc.a(_clear_bss.o)
 .text.libgcc.fixed
                0x0000000000000000        0x0 c:/users/moaz/desktop/ece 312 lab/avr8-gnu-toolchain-3.7.0.1796-win32.any.x86_64 (1)/avr8-gnu-toolchain-win32_x86_64/bin/../lib/gcc/avr/7.3.0/avr5\libgcc.a(_clear_bss.o)
 .text          0x0000000000000000        0x0 c:/users/moaz/desktop/ece 312 lab/avr8-gnu-toolchain-3.7.0.1796-win32.any.x86_64 (1)/avr8-gnu-toolchain-win32_x86_64/bin/../lib/gcc/avr/7.3.0/../../../../avr/lib/avr5\libc.a(iob.o)
 .data          0x0000000000000000        0x0 c:/users/moaz/desktop/ece 312 lab/avr8-gnu-toolchain-3.7.0.1796-win32.any.x86_64 (1)/avr8-gnu-toolchain-win32_x86_64/bin/../lib/gcc/avr/7.3.0/../../../../avr/lib/avr5\libc.a(iob.o)
 .bss           0x0000000000000000        0x0 c:/users/moaz/desktop/ece 312 lab/avr8-gnu-toolchain-3.7.0.1796-win32.any.x86_64 (1)/avr8-gnu-toolchain-win32_x86_64/bin/../lib/gcc/avr/7.3.0/../../../../avr/lib/avr5\libc.a(iob.o)

Memory Configuration

Name             Origin             Length             Attributes
text             0x0000000000000000 0x0000000000008000 xr
data             0x0000000000800100 0x0000000000000800 rw !x
eeprom           0x0000000000810000 0x0000000000000400 rw !x
fuse             0x0000000000820000 0x0000000000000003 rw !x
lock             0x0000000000830000 0x0000000000000400 rw !x
signature        0x0000000000840000 0x0000000000000400 rw !x
user_signatures  0x0000000000850000 0x0000000000000400 rw !x
*default*        0x0000000000000000 0xffffffffffffffff

Linker script and memory map

Address of section .data set to 0x800100
LOAD C:/Program Files/Microchip/MPLABX/v6.00/packs/Microchip/ATmega_DFP/2.4.131/gcc/dev/atmega328p/avr5/crtatmega328p.o
LOAD build/default/debug/pwmMain.o
LOAD build/default/debug/hd44780.o
LOAD build/default/debug/lcd.o
                0x0000000000000001                __MPLAB_BUILD = 0x1
                0x0000000000000001                __ICD2RAM = 0x1
                0x0000000000000001                __MPLAB_DEBUG = 0x1
                0x0000000000000001                __DEBUG = 0x1
START GROUP
LOAD c:/users/moaz/desktop/ece 312 lab/avr8-gnu-toolchain-3.7.0.1796-win32.any.x86_64 (1)/avr8-gnu-toolchain-win32_x86_64/bin/../lib/gcc/avr/7.3.0/../../../../avr/lib/avr5\libm.a
END GROUP
START GROUP
LOAD c:/users/moaz/desktop/ece 312 lab/avr8-gnu-toolchain-3.7.0.1796-win32.any.x86_64 (1)/avr8-gnu-toolchain-win32_x86_64/bin/../lib/gcc/avr/7.3.0/avr5\libgcc.a
LOAD c:/users/moaz/desktop/ece 312 lab/avr8-gnu-toolchain-3.7.0.1796-win32.any.x86_64 (1)/avr8-gnu-toolchain-win32_x86_64/bin/../lib/gcc/avr/7.3.0/../../../../avr/lib/avr5\libm.a
LOAD c:/users/moaz/desktop/ece 312 lab/avr8-gnu-toolchain-3.7.0.1796-win32.any.x86_64 (1)/avr8-gnu-toolchain-win32_x86_64/bin/../lib/gcc/avr/7.3.0/../../../../avr/lib/avr5\libc.a
LOAD C:/Program Files/Microchip/MPLABX/v6.00/packs/Microchip/ATmega_DFP/2.4.131/gcc/dev/atmega328p/avr5\libatmega328p.a
END GROUP
                0x0000000000000000                __TEXT_REGION_ORIGIN__ = DEFINED (__TEXT_REGION_ORIGIN__)?__TEXT_REGION_ORIGIN__:0x0
                [0x0000000000800100]                __DATA_REGION_ORIGIN__ = DEFINED (__DATA_REGION_ORIGIN__)?__DATA_REGION_ORIGIN__:0x800060
                [0x0000000000008000]                __TEXT_REGION_LENGTH__ = DEFINED (__TEXT_REGION_LENGTH__)?__TEXT_REGION_LENGTH__:0x20000
                [0x0000000000000800]                __DATA_REGION_LENGTH__ = DEFINED (__DATA_REGION_LENGTH__)?__DATA_REGION_LENGTH__:0xffa0
                [0x0000000000000400]                __EEPROM_REGION_LENGTH__ = DEFINED (__EEPROM_REGION_LENGTH__)?__EEPROM_REGION_LENGTH__:0x10000
                [0x0000000000000003]                __FUSE_REGION_LENGTH__ = DEFINED (__FUSE_REGION_LENGTH__)?__FUSE_REGION_LENGTH__:0x400
                0x0000000000000400                __LOCK_REGION_LENGTH__ = DEFINED (__LOCK_REGION_LENGTH__)?__LOCK_REGION_LENGTH__:0x400
                0x0000000000000400                __SIGNATURE_REGION_LENGTH__ = DEFINED (__SIGNATURE_REGION_LENGTH__)?__SIGNATURE_REGION_LENGTH__:0x400
                0x0000000000000400                __USER_SIGNATURE_REGION_LENGTH__ = DEFINED (__USER_SIGNATURE_REGION_LENGTH__)?__USER_SIGNATURE_REGION_LENGTH__:0x400

.hash
 *(.hash)

.dynsym
 *(.dynsym)

.dynstr
 *(.dynstr)

.gnu.version
 *(.gnu.version)

.gnu.version_d
 *(.gnu.version_d)

.gnu.version_r
 *(.gnu.version_r)

.rel.init
 *(.rel.init)

.rela.init
 *(.rela.init)

.rel.text
 *(.rel.text)
 *(.rel.text.*)
 *(.rel.gnu.linkonce.t*)

.rela.text
 *(.rela.text)
 *(.rela.text.*)
 *(.rela.gnu.linkonce.t*)

.rel.fini
 *(.rel.fini)

.rela.fini
 *(.rela.fini)

.rel.rodata
 *(.rel.rodata)
 *(.rel.rodata.*)
 *(.rel.gnu.linkonce.r*)

.rela.rodata
 *(.rela.rodata)
 *(.rela.rodata.*)
 *(.rela.gnu.linkonce.r*)

.rel.data
 *(.rel.data)
 *(.rel.data.*)
 *(.rel.gnu.linkonce.d*)

.rela.data
 *(.rela.data)
 *(.rela.data.*)
 *(.rela.gnu.linkonce.d*)

.rel.ctors
 *(.rel.ctors)

.rela.ctors
 *(.rela.ctors)

.rel.dtors
 *(.rel.dtors)

.rela.dtors
 *(.rela.dtors)

.rel.got
 *(.rel.got)

.rela.got
 *(.rela.got)

.rel.bss
 *(.rel.bss)

.rela.bss
 *(.rela.bss)

.rel.plt
 *(.rel.plt)

.rela.plt
 *(.rela.plt)

.text           0x0000000000000000      0x2a8
 *(.vectors)
 .vectors       0x0000000000000000       0x68 C:/Program Files/Microchip/MPLABX/v6.00/packs/Microchip/ATmega_DFP/2.4.131/gcc/dev/atmega328p/avr5/crtatmega328p.o
                0x0000000000000000                __vector_default
                0x0000000000000000                __vectors
 *(.vectors)
 *(.progmem.gcc*)
                0x0000000000000068                . = ALIGN (0x2)
                0x0000000000000068                __trampolines_start = .
 *(.trampolines)
 .trampolines   0x0000000000000068        0x0 linker stubs
 *(.trampolines*)
                0x0000000000000068                __trampolines_end = .
 *libprintf_flt.a:*(.progmem.data)
 *libc.a:*(.progmem.data)
 *(.progmem*)
                0x0000000000000068                . = ALIGN (0x2)
 *(.jumptables)
 *(.jumptables*)
 *(.lowtext)
 *(.lowtext*)
                0x0000000000000068                __ctors_start = .
 *(.ctors)
                0x0000000000000068                __ctors_end = .
                0x0000000000000068                __dtors_start = .
 *(.dtors)
                0x0000000000000068                __dtors_end = .
 SORT(*)(.ctors)
 SORT(*)(.dtors)
 *(.init0)
 .init0         0x0000000000000068        0x0 C:/Program Files/Microchip/MPLABX/v6.00/packs/Microchip/ATmega_DFP/2.4.131/gcc/dev/atmega328p/avr5/crtatmega328p.o
                0x0000000000000068                __init
 *(.init0)
 *(.init1)
 *(.init1)
 *(.init2)
 .init2         0x0000000000000068        0xc C:/Program Files/Microchip/MPLABX/v6.00/packs/Microchip/ATmega_DFP/2.4.131/gcc/dev/atmega328p/avr5/crtatmega328p.o
 *(.init2)
 *(.init3)
 *(.init3)
 *(.init4)
 .init4         0x0000000000000074       0x16 c:/users/moaz/desktop/ece 312 lab/avr8-gnu-toolchain-3.7.0.1796-win32.any.x86_64 (1)/avr8-gnu-toolchain-win32_x86_64/bin/../lib/gcc/avr/7.3.0/avr5\libgcc.a(_copy_data.o)
                0x0000000000000074                __do_copy_data
 .init4         0x000000000000008a       0x10 c:/users/moaz/desktop/ece 312 lab/avr8-gnu-toolchain-3.7.0.1796-win32.any.x86_64 (1)/avr8-gnu-toolchain-win32_x86_64/bin/../lib/gcc/avr/7.3.0/avr5\libgcc.a(_clear_bss.o)
                0x000000000000008a                __do_clear_bss
 *(.init4)
 *(.init5)
 *(.init5)
 *(.init6)
 *(.init6)
 *(.init7)
 *(.init7)
 *(.init8)
 *(.init8)
 *(.init9)
 .init9         0x000000000000009a        0x8 C:/Program Files/Microchip/MPLABX/v6.00/packs/Microchip/ATmega_DFP/2.4.131/gcc/dev/atmega328p/avr5/crtatmega328p.o
 *(.init9)
 *(.text)
 .text          0x00000000000000a2        0x4 C:/Program Files/Microchip/MPLABX/v6.00/packs/Microchip/ATmega_DFP/2.4.131/gcc/dev/atmega328p/avr5/crtatmega328p.o
                0x00000000000000a2                __vector_22
                0x00000000000000a2                __vector_1
                0x00000000000000a2                __vector_24
                0x00000000000000a2                __vector_12
                0x00000000000000a2                __bad_interrupt
                0x00000000000000a2                __vector_6
                0x00000000000000a2                __vector_3
                0x00000000000000a2                __vector_23
                0x00000000000000a2                __vector_25
                0x00000000000000a2                __vector_11
                0x00000000000000a2                __vector_13
                0x00000000000000a2                __vector_17
                0x00000000000000a2                __vector_19
                0x00000000000000a2                __vector_7
                0x00000000000000a2                __vector_5
                0x00000000000000a2                __vector_4
                0x00000000000000a2                __vector_9
                0x00000000000000a2                __vector_21
                0x00000000000000a2                __vector_15
                0x00000000000000a2                __vector_8
                0x00000000000000a2                __vector_14
                0x00000000000000a2                __vector_10
                0x00000000000000a2                __vector_16
                0x00000000000000a2                __vector_18
                0x00000000000000a2                __vector_20
                0x00000000000000a6                . = ALIGN (0x2)
 *(.text.*)
 .text.__vector_2
                0x00000000000000a6       0x14 build/default/debug/pwmMain.o
                0x00000000000000a6                __vector_2
 .text.main     0x00000000000000ba       0x54 build/default/debug/pwmMain.o
                0x00000000000000ba                main
 .text.hd44780_outnibble
                0x000000000000010e       0x2c build/default/debug/hd44780.o
 .text.hd44780_innibble
                0x000000000000013a       0x2e build/default/debug/hd44780.o
 .text.hd44780_outbyte
                0x0000000000000168       0x20 build/default/debug/hd44780.o
                0x0000000000000168                hd44780_outbyte
 .text.hd44780_inbyte
                0x0000000000000188       0x1e build/default/debug/hd44780.o
                0x0000000000000188                hd44780_inbyte
 .text.hd44780_wait_ready
                0x00000000000001a6        0xc build/default/debug/hd44780.o
                0x00000000000001a6                hd44780_wait_ready
 .text.hd44780_init
                0x00000000000001b2       0x74 build/default/debug/hd44780.o
                0x00000000000001b2                hd44780_init
 .text.lcd_init
                0x0000000000000226       0x30 build/default/debug/lcd.o
                0x0000000000000226                lcd_init
 .text.lcd_putchar
                0x0000000000000256       0x4e build/default/debug/lcd.o
                0x0000000000000256                lcd_putchar
                0x00000000000002a4                . = ALIGN (0x2)
 *(.fini9)
 .fini9         0x00000000000002a4        0x0 c:/users/moaz/desktop/ece 312 lab/avr8-gnu-toolchain-3.7.0.1796-win32.any.x86_64 (1)/avr8-gnu-toolchain-win32_x86_64/bin/../lib/gcc/avr/7.3.0/avr5\libgcc.a(_exit.o)
                0x00000000000002a4                _exit
                0x00000000000002a4                exit
 *(.fini9)
 *(.fini8)
 *(.fini8)
 *(.fini7)
 *(.fini7)
 *(.fini6)
 *(.fini6)
 *(.fini5)
 *(.fini5)
 *(.fini4)
 *(.fini4)
 *(.fini3)
 *(.fini3)
 *(.fini2)
 *(.fini2)
 *(.fini1)
 *(.fini1)
 *(.fini0)
 .fini0         0x00000000000002a4        0x4 c:/users/moaz/desktop/ece 312 lab/avr8-gnu-toolchain-3.7.0.1796-win32.any.x86_64 (1)/avr8-gnu-toolchain-win32_x86_64/bin/../lib/gcc/avr/7.3.0/avr5\libgcc.a(_exit.o)
 *(.fini0)
                0x00000000000002a8                _etext = .

.data           0x0000000000800100        0xe load address 0x00000000000002a8
                0x0000000000800100                PROVIDE (__data_start, .)
 *(.data)
 *(.data*)
 .data.lcd_str  0x0000000000800100        0xe build/default/debug/pwmMain.o
                0x0000000000800100                lcd_str
 *(.gnu.linkonce.d*)
 *(.rodata)
 *(.rodata*)
 *(.gnu.linkonce.r*)
                0x000000000080010e                . = ALIGN (0x2)
                0x000000000080010e                _edata = .
                0x000000000080010e                PROVIDE (__data_end, .)

.bss            0x000000000080010e        0x7
                0x000000000080010e                PROVIDE (__bss_start, .)
 *(.bss)
 *(.bss*)
 .bss.esc_seen.1850
                0x000000000080010e        0x1 build/default/debug/lcd.o
 *(COMMON)
 COMMON         0x000000000080010f        0x6 c:/users/moaz/desktop/ece 312 lab/avr8-gnu-toolchain-3.7.0.1796-win32.any.x86_64 (1)/avr8-gnu-toolchain-win32_x86_64/bin/../lib/gcc/avr/7.3.0/../../../../avr/lib/avr5\libc.a(iob.o)
                0x000000000080010f                __iob
                0x0000000000800115                PROVIDE (__bss_end, .)
                0x00000000000002a8                __data_load_start = LOADADDR (.data)
                0x00000000000002b6                __data_load_end = (__data_load_start + SIZEOF (.data))

.noinit         0x0000000000800115        0x0
                [!provide]                        PROVIDE (__noinit_start, .)
 *(.noinit*)
                [!provide]                        PROVIDE (__noinit_end, .)
                0x0000000000800115                _end = .
                [!provide]                        PROVIDE (__heap_start, .)

.eeprom         0x0000000000810000        0x0
 *(.eeprom*)
                0x0000000000810000                __eeprom_end = .

.fuse
 *(.fuse)
 *(.lfuse)
 *(.hfuse)
 *(.efuse)

.lock
 *(.lock*)

.signature
 *(.signature*)

.user_signatures
 *(.user_signatures*)

.stab
 *(.stab)

.stabstr
 *(.stabstr)

.stab.excl
 *(.stab.excl)

.stab.exclstr
 *(.stab.exclstr)

.stab.index
 *(.stab.index)

.stab.indexstr
 *(.stab.indexstr)

.comment        0x0000000000000000       0x30
 *(.comment)
 .comment       0x0000000000000000       0x30 build/default/debug/pwmMain.o
                                         0x31 (size before relaxing)
 .comment       0x0000000000000030       0x31 build/default/debug/hd44780.o
 .comment       0x0000000000000030       0x31 build/default/debug/lcd.o
 .comment       0x0000000000000030       0x31 c:/users/moaz/desktop/ece 312 lab/avr8-gnu-toolchain-3.7.0.1796-win32.any.x86_64 (1)/avr8-gnu-toolchain-win32_x86_64/bin/../lib/gcc/avr/7.3.0/../../../../avr/lib/avr5\libc.a(iob.o)

.note.gnu.avr.deviceinfo
                0x0000000000000000       0x40
 .note.gnu.avr.deviceinfo
                0x0000000000000000       0x40 C:/Program Files/Microchip/MPLABX/v6.00/packs/Microchip/ATmega_DFP/2.4.131/gcc/dev/atmega328p/avr5/crtatmega328p.o

.note.gnu.build-id
 *(.note.gnu.build-id)

.debug
 *(.debug)

.line
 *(.line)

.debug_srcinfo
 *(.debug_srcinfo)

.debug_sfnames
 *(.debug_sfnames)

.debug_aranges  0x0000000000000000       0xa0
 *(.debug_aranges)
 .debug_aranges
                0x0000000000000000       0x28 build/default/debug/pwmMain.o
 .debug_aranges
                0x0000000000000028       0x50 build/default/debug/hd44780.o
 .debug_aranges
                0x0000000000000078       0x28 build/default/debug/lcd.o

.debug_pubnames
 *(.debug_pubnames)

.debug_info     0x0000000000000000     0x1075
 *(.debug_info .gnu.linkonce.wi.*)
 .debug_info    0x0000000000000000      0x5f4 C:/Program Files/Microchip/MPLABX/v6.00/packs/Microchip/ATmega_DFP/2.4.131/gcc/dev/atmega328p/avr5/crtatmega328p.o
 .debug_info    0x00000000000005f4      0x25d build/default/debug/pwmMain.o
 .debug_info    0x0000000000000851      0x542 build/default/debug/hd44780.o
 .debug_info    0x0000000000000d93      0x2e2 build/default/debug/lcd.o

.debug_abbrev   0x0000000000000000      0xa93
 *(.debug_abbrev)
 .debug_abbrev  0x0000000000000000      0x5a2 C:/Program Files/Microchip/MPLABX/v6.00/packs/Microchip/ATmega_DFP/2.4.131/gcc/dev/atmega328p/avr5/crtatmega328p.o
 .debug_abbrev  0x00000000000005a2      0x17d build/default/debug/pwmMain.o
 .debug_abbrev  0x000000000000071f      0x1fe build/default/debug/hd44780.o
 .debug_abbrev  0x000000000000091d      0x176 build/default/debug/lcd.o

.debug_line     0x0000000000000000      0x782
 *(.debug_line .debug_line.* .debug_line_end)
 .debug_line    0x0000000000000000      0x134 C:/Program Files/Microchip/MPLABX/v6.00/packs/Microchip/ATmega_DFP/2.4.131/gcc/dev/atmega328p/avr5/crtatmega328p.o
 .debug_line    0x0000000000000134      0x1dd build/default/debug/pwmMain.o
 .debug_line    0x0000000000000311      0x317 build/default/debug/hd44780.o
 .debug_line    0x0000000000000628      0x15a build/default/debug/lcd.o

.debug_frame    0x0000000000000000      0x118
 *(.debug_frame)
 .debug_frame   0x0000000000000000       0x40 build/default/debug/pwmMain.o
 .debug_frame   0x0000000000000040       0x9c build/default/debug/hd44780.o
 .debug_frame   0x00000000000000dc       0x3c build/default/debug/lcd.o

.debug_str      0x0000000000000000      0x531
 *(.debug_str)
 .debug_str     0x0000000000000000      0x208 C:/Program Files/Microchip/MPLABX/v6.00/packs/Microchip/ATmega_DFP/2.4.131/gcc/dev/atmega328p/avr5/crtatmega328p.o
 .debug_str     0x0000000000000208      0x207 build/default/debug/pwmMain.o
                                        0x240 (size before relaxing)
 .debug_str     0x000000000000040f      0x100 build/default/debug/hd44780.o
                                        0x269 (size before relaxing)
 .debug_str     0x000000000000050f       0x22 build/default/debug/lcd.o
                                        0x1f8 (size before relaxing)

.debug_loc      0x0000000000000000      0x491
 *(.debug_loc)
 .debug_loc     0x0000000000000000       0x7b build/default/debug/pwmMain.o
 .debug_loc     0x000000000000007b      0x35b build/default/debug/hd44780.o
 .debug_loc     0x00000000000003d6       0xbb build/default/debug/lcd.o

.debug_macinfo
 *(.debug_macinfo)

.debug_weaknames
 *(.debug_weaknames)

.debug_funcnames
 *(.debug_funcnames)

.debug_typenames
 *(.debug_typenames)

.debug_varnames
 *(.debug_varnames)

.debug_pubtypes
 *(.debug_pubtypes)

.debug_ranges   0x0000000000000000       0x70
 *(.debug_ranges)
 .debug_ranges  0x0000000000000000       0x18 build/default/debug/pwmMain.o
 .debug_ranges  0x0000000000000018       0x40 build/default/debug/hd44780.o
 .debug_ranges  0x0000000000000058       0x18 build/default/debug/lcd.o

.debug_macro
 *(.debug_macro)
OUTPUT(dist/default/debug/Final.X.debug.elf elf32-avr)
LOAD linker stubs
